Archive member included because of file (symbol)

../teste1_bsp/\libhal_bsp.a(alt_load.o)
                              ../teste1_bsp//obj/HAL/src/crt0.o (alt_load)
../teste1_bsp/\libhal_bsp.a(alt_main.o)
                              ../teste1_bsp//obj/HAL/src/crt0.o (alt_main)
../teste1_bsp/\libhal_bsp.a(alt_putstr.o)
                              obj/default/hello_world_small.o (alt_putstr)
../teste1_bsp/\libhal_bsp.a(alt_usleep.o)
                              obj/default/hello_world_small.o (usleep)
../teste1_bsp/\libhal_bsp.a(alt_sys_init.o)
                              ../teste1_bsp/\libhal_bsp.a(alt_main.o) (alt_sys_init)
../teste1_bsp/\libhal_bsp.a(altera_avalon_jtag_uart_write.o)
                              ../teste1_bsp/\libhal_bsp.a(alt_putstr.o) (altera_avalon_jtag_uart_write)
../teste1_bsp/\libhal_bsp.a(alt_busy_sleep.o)
                              ../teste1_bsp/\libhal_bsp.a(alt_usleep.o) (alt_busy_sleep)
../teste1_bsp/\libhal_bsp.a(alt_dcache_flush_all.o)
                              ../teste1_bsp/\libhal_bsp.a(alt_load.o) (alt_dcache_flush_all)
../teste1_bsp/\libhal_bsp.a(alt_icache_flush_all.o)
                              ../teste1_bsp/\libhal_bsp.a(alt_load.o) (alt_icache_flush_all)
../teste1_bsp/\libhal_bsp.a(altera_nios2_qsys_irq.o)
                              ../teste1_bsp/\libhal_bsp.a(alt_sys_init.o) (altera_nios2_qsys_irq_init)
d:/altera/13.0sp1/nios2eds/bin/gnu/h-i686-mingw32/bin/../lib/gcc/nios2-elf/4.1.2/../../../../nios2-elf/lib/mno-hw-mul\libsmallc.a(lib_a-strlen.o)
                              ../teste1_bsp/\libhal_bsp.a(alt_putstr.o) (strlen)
d:/altera/13.0sp1/nios2eds/bin/gnu/h-i686-mingw32/bin/../lib/gcc/nios2-elf/4.1.2/mno-hw-mul\libgcc.a(lib2-divmod.o)
                              ../teste1_bsp/\libhal_bsp.a(alt_busy_sleep.o) (__udivsi3)
d:/altera/13.0sp1/nios2eds/bin/gnu/h-i686-mingw32/bin/../lib/gcc/nios2-elf/4.1.2/mno-hw-mul\libgcc.a(lib2-mul.o)
                              ../teste1_bsp/\libhal_bsp.a(alt_busy_sleep.o) (__mulsi3)

Allocating common symbols
Common symbol       size              file

hex0                0x1               obj/default/hello_world_small.o
key                 0x1               obj/default/hello_world_small.o
sw                  0x1               obj/default/hello_world_small.o
ledr                0x1               obj/default/hello_world_small.o

Memory Configuration

Name             Origin             Length             Attributes
reset            0x00010000         0x00000020
onchip_memory2_rc 0x00010020         0x00009fe0
*default*        0x00000000         0xffffffff

Linker script and memory map

LOAD ../teste1_bsp//obj/HAL/src/crt0.o
                0x0001000c                exit = _exit
LOAD obj/default/hello_world_small.o
LOAD d:/altera/13.0sp1/nios2eds/bin/gnu/h-i686-mingw32/bin/../lib/gcc/nios2-elf/4.1.2/../../../../nios2-elf/lib/mno-hw-mul\libstdc++.a
LOAD d:/altera/13.0sp1/nios2eds/bin/gnu/h-i686-mingw32/bin/../lib/gcc/nios2-elf/4.1.2/../../../../nios2-elf/lib/mno-hw-mul\libm.a
LOAD d:/altera/13.0sp1/nios2eds/bin/gnu/h-i686-mingw32/bin/../lib/gcc/nios2-elf/4.1.2/mno-hw-mul\libgcc.a
START GROUP
LOAD d:/altera/13.0sp1/nios2eds/bin/gnu/h-i686-mingw32/bin/../lib/gcc/nios2-elf/4.1.2/../../../../nios2-elf/lib/mno-hw-mul\libsmallc.a
LOAD d:/altera/13.0sp1/nios2eds/bin/gnu/h-i686-mingw32/bin/../lib/gcc/nios2-elf/4.1.2/mno-hw-mul\libgcc.a
LOAD ../teste1_bsp/\libhal_bsp.a
END GROUP
LOAD d:/altera/13.0sp1/nios2eds/bin/gnu/h-i686-mingw32/bin/../lib/gcc/nios2-elf/4.1.2/mno-hw-mul\libgcc.a
                0x00010000                __alt_mem_onchip_memory2_rc = 0x10000

.entry          0x00010000       0x20
 *(.entry)
 .entry         0x00010000       0x20 ../teste1_bsp//obj/HAL/src/crt0.o
                0x00010000                __reset
                0x0001000c                _exit

.exceptions     0x00010020        0x0
                0x00010020                PROVIDE (__ram_exceptions_start, ABSOLUTE (.))
                0x00010020                . = ALIGN (0x20)
 *(.irq)
 *(.exceptions.entry.label)
 *(.exceptions.entry.user)
 *(.exceptions.entry)
 *(.exceptions.irqtest.user)
 *(.exceptions.irqtest)
 *(.exceptions.irqhandler.user)
 *(.exceptions.irqhandler)
 *(.exceptions.irqreturn.user)
 *(.exceptions.irqreturn)
 *(.exceptions.notirq.label)
 *(.exceptions.notirq.user)
 *(.exceptions.notirq)
 *(.exceptions.soft.user)
 *(.exceptions.soft)
 *(.exceptions.unknown.user)
 *(.exceptions.unknown)
 *(.exceptions.exit.label)
 *(.exceptions.exit.user)
 *(.exceptions.exit)
 *(.exceptions)
                0x00010020                PROVIDE (__ram_exceptions_end, ABSOLUTE (.))
                0x00010020                PROVIDE (__flash_exceptions_start, LOADADDR (.exceptions))

.text           0x00010020      0x428
                0x00010020                PROVIDE (stext, ABSOLUTE (.))
 *(.interp)
 *(.hash)
 *(.dynsym)
 *(.dynstr)
 *(.gnu.version)
 *(.gnu.version_d)
 *(.gnu.version_r)
 *(.rel.init)
 *(.rela.init)
 *(.rel.text .rel.text.* .rel.gnu.linkonce.t.*)
 *(.rela.text .rela.text.* .rela.gnu.linkonce.t.*)
 *(.rel.fini)
 *(.rela.fini)
 *(.rel.rodata .rel.rodata.* .rel.gnu.linkonce.r.*)
 *(.rela.rodata .rela.rodata.* .rela.gnu.linkonce.r.*)
 *(.rel.data .rel.data.* .rel.gnu.linkonce.d.*)
 *(.rela.data .rela.data.* .rela.gnu.linkonce.d.*)
 *(.rel.tdata .rel.tdata.* .rel.gnu.linkonce.td.*)
 *(.rela.tdata .rela.tdata.* .rela.gnu.linkonce.td.*)
 *(.rel.tbss .rel.tbss.* .rel.gnu.linkonce.tb.*)
 *(.rela.tbss .rela.tbss.* .rela.gnu.linkonce.tb.*)
 *(.rel.ctors)
 *(.rela.ctors)
 *(.rel.dtors)
 *(.rela.dtors)
 *(.rel.got)
 *(.rela.got)
 *(.rel.sdata .rel.sdata.* .rel.gnu.linkonce.s.*)
 *(.rela.sdata .rela.sdata.* .rela.gnu.linkonce.s.*)
 *(.rel.sbss .rel.sbss.* .rel.gnu.linkonce.sb.*)
 *(.rela.sbss .rela.sbss.* .rela.gnu.linkonce.sb.*)
 *(.rel.sdata2 .rel.sdata2.* .rel.gnu.linkonce.s2.*)
 *(.rela.sdata2 .rela.sdata2.* .rela.gnu.linkonce.s2.*)
 *(.rel.sbss2 .rel.sbss2.* .rel.gnu.linkonce.sb2.*)
 *(.rela.sbss2 .rela.sbss2.* .rela.gnu.linkonce.sb2.*)
 *(.rel.bss .rel.bss.* .rel.gnu.linkonce.b.*)
 *(.rela.bss .rela.bss.* .rela.gnu.linkonce.b.*)
 *(.rel.plt)
 *(.rela.plt)
 *(.rel.dyn)
 *(.init)
 *(.plt)
 *(.text .stub .text.* .gnu.linkonce.t.*)
 .text          0x00010020       0x3c ../teste1_bsp//obj/HAL/src/crt0.o
                0x00010020                _start
 .text          0x0001005c       0x60 obj/default/hello_world_small.o
                0x0001005c                setup
                0x00010070                loop
                0x0001009c                main
 .text          0x000100bc       0x8c ../teste1_bsp/\libhal_bsp.a(alt_load.o)
                0x000100dc                alt_load
 .text          0x00010148       0x2c ../teste1_bsp/\libhal_bsp.a(alt_main.o)
                0x00010148                alt_main
 .text          0x00010174       0x38 ../teste1_bsp/\libhal_bsp.a(alt_putstr.o)
                0x00010174                alt_putstr
 .text          0x000101ac        0x4 ../teste1_bsp/\libhal_bsp.a(alt_usleep.o)
                0x000101ac                usleep
 .text          0x000101b0       0x24 ../teste1_bsp/\libhal_bsp.a(alt_sys_init.o)
                0x000101b0                alt_sys_init
                0x000101b4                alt_irq_init
 .text          0x000101d4       0x34 ../teste1_bsp/\libhal_bsp.a(altera_avalon_jtag_uart_write.o)
                0x000101d4                altera_avalon_jtag_uart_write
 .text          0x00010208       0x8c ../teste1_bsp/\libhal_bsp.a(alt_busy_sleep.o)
                0x00010208                alt_busy_sleep
 .text          0x00010294        0x4 ../teste1_bsp/\libhal_bsp.a(alt_dcache_flush_all.o)
                0x00010294                alt_dcache_flush_all
 .text          0x00010298        0x4 ../teste1_bsp/\libhal_bsp.a(alt_icache_flush_all.o)
                0x00010298                alt_icache_flush_all
 .text          0x0001029c        0x8 ../teste1_bsp/\libhal_bsp.a(altera_nios2_qsys_irq.o)
                0x0001029c                altera_nios2_qsys_irq_init
 .text          0x000102a4       0x20 d:/altera/13.0sp1/nios2eds/bin/gnu/h-i686-mingw32/bin/../lib/gcc/nios2-elf/4.1.2/../../../../nios2-elf/lib/mno-hw-mul\libsmallc.a(lib_a-strlen.o)
                0x000102a4                strlen
 .text          0x000102c4      0x14c d:/altera/13.0sp1/nios2eds/bin/gnu/h-i686-mingw32/bin/../lib/gcc/nios2-elf/4.1.2/mno-hw-mul\libgcc.a(lib2-divmod.o)
                0x00010340                __divsi3
                0x000103a0                __modsi3
                0x00010400                __udivsi3
                0x00010408                __umodsi3
 .text          0x00010410       0x38 d:/altera/13.0sp1/nios2eds/bin/gnu/h-i686-mingw32/bin/../lib/gcc/nios2-elf/4.1.2/mno-hw-mul\libgcc.a(lib2-mul.o)
                0x00010410                __mulsi3
 *(.gnu.warning.*)
 *(.fini)
                0x00010448                PROVIDE (__etext, ABSOLUTE (.))
                0x00010448                PROVIDE (_etext, ABSOLUTE (.))
                0x00010448                PROVIDE (etext, ABSOLUTE (.))
 *(.eh_frame_hdr)
                0x00010448                . = ALIGN (0x4)
                0x00010448                PROVIDE (__preinit_array_start, ABSOLUTE (.))
 *(.preinit_array)
                0x00010448                PROVIDE (__preinit_array_end, ABSOLUTE (.))
                0x00010448                PROVIDE (__init_array_start, ABSOLUTE (.))
 *(.init_array)
                0x00010448                PROVIDE (__init_array_end, ABSOLUTE (.))
                0x00010448                PROVIDE (__fini_array_start, ABSOLUTE (.))
 *(.fini_array)
                0x00010448                PROVIDE (__fini_array_end, ABSOLUTE (.))
 *(.eh_frame)
 *(.gcc_except_table)
 *(.dynamic)
                0x00010448                PROVIDE (__CTOR_LIST__, ABSOLUTE (.))
 *(.ctors)
 *(SORT(.ctors.*))
                0x00010448                PROVIDE (__CTOR_END__, ABSOLUTE (.))
                0x00010448                PROVIDE (__DTOR_LIST__, ABSOLUTE (.))
 *(.dtors)
 *(SORT(.dtors.*))
                0x00010448                PROVIDE (__DTOR_END__, ABSOLUTE (.))
 *(.jcr)
                0x00010448                . = ALIGN (0x4)

.rodata         0x00010448       0x18
                0x00010448                PROVIDE (__ram_rodata_start, ABSOLUTE (.))
                0x00010448                . = ALIGN (0x4)
 *(.rodata .rodata.* .gnu.linkonce.r.*)
 .rodata.str1.4
                0x00010448       0x18 obj/default/hello_world_small.o
 *(.rodata1)
                0x00010460                . = ALIGN (0x4)
                0x00010460                PROVIDE (__ram_rodata_end, ABSOLUTE (.))
                0x00010448                PROVIDE (__flash_rodata_start, LOADADDR (.rodata))

.rwdata         0x00010460        0x4 load address 0x00010464
                0x00010460                PROVIDE (__ram_rwdata_start, ABSOLUTE (.))
                0x00010460                . = ALIGN (0x4)
 *(.got.plt)
 *(.got)
 *(.data1)
 *(.data .data.* .gnu.linkonce.d.*)
 .data          0x00010460        0x0 ../teste1_bsp//obj/HAL/src/crt0.o
 .data          0x00010460        0x0 obj/default/hello_world_small.o
 .data          0x00010460        0x0 ../teste1_bsp/\libhal_bsp.a(alt_load.o)
 .data          0x00010460        0x0 ../teste1_bsp/\libhal_bsp.a(alt_main.o)
 .data          0x00010460        0x0 ../teste1_bsp/\libhal_bsp.a(alt_putstr.o)
 .data          0x00010460        0x0 ../teste1_bsp/\libhal_bsp.a(alt_usleep.o)
 .data          0x00010460        0x0 ../teste1_bsp/\libhal_bsp.a(alt_sys_init.o)
 .data          0x00010460        0x0 ../teste1_bsp/\libhal_bsp.a(altera_avalon_jtag_uart_write.o)
 .data          0x00010460        0x0 ../teste1_bsp/\libhal_bsp.a(alt_busy_sleep.o)
 .data          0x00010460        0x0 ../teste1_bsp/\libhal_bsp.a(alt_dcache_flush_all.o)
 .data          0x00010460        0x0 ../teste1_bsp/\libhal_bsp.a(alt_icache_flush_all.o)
 .data          0x00010460        0x0 ../teste1_bsp/\libhal_bsp.a(altera_nios2_qsys_irq.o)
 .data          0x00010460        0x0 d:/altera/13.0sp1/nios2eds/bin/gnu/h-i686-mingw32/bin/../lib/gcc/nios2-elf/4.1.2/../../../../nios2-elf/lib/mno-hw-mul\libsmallc.a(lib_a-strlen.o)
 .data          0x00010460        0x0 d:/altera/13.0sp1/nios2eds/bin/gnu/h-i686-mingw32/bin/../lib/gcc/nios2-elf/4.1.2/mno-hw-mul\libgcc.a(lib2-divmod.o)
 .data          0x00010460        0x0 d:/altera/13.0sp1/nios2eds/bin/gnu/h-i686-mingw32/bin/../lib/gcc/nios2-elf/4.1.2/mno-hw-mul\libgcc.a(lib2-mul.o)
                0x00018460                _gp = ABSOLUTE ((. + 0x8000))
                0x00018460                PROVIDE (gp, _gp)
 *(.rwdata .rwdata.*)
 *(.sdata .sdata.* .gnu.linkonce.s.*)
 .sdata         0x00010460        0x4 ../teste1_bsp/\libhal_bsp.a(alt_sys_init.o)
                0x00010460                jtag_uart_rc
 *(.sdata2 .sdata2.* .gnu.linkonce.s2.*)
                0x00010464                . = ALIGN (0x4)
                0x00010464                _edata = ABSOLUTE (.)
                0x00010464                PROVIDE (edata, ABSOLUTE (.))
                0x00010464                PROVIDE (__ram_rwdata_end, ABSOLUTE (.))
                0x00010464                PROVIDE (__flash_rwdata_start, LOADADDR (.rwdata))

.bss            0x00010468       0x10
                0x00010468                __bss_start = ABSOLUTE (.)
                0x00010468                PROVIDE (__sbss_start, ABSOLUTE (.))
                0x00010468                PROVIDE (___sbss_start, ABSOLUTE (.))
 *(.dynsbss)
 *(.sbss .sbss.* .gnu.linkonce.sb.*)
 .sbss          0x00010468        0x4 obj/default/hello_world_small.o
                0x00010468                hex0
                0x00010469                key
                0x0001046a                sw
                0x0001046b                ledr
 .sbss          0x0001046c        0xc ../teste1_bsp/\libhal_bsp.a(alt_main.o)
                0x0001046c                alt_argc
                0x00010470                alt_argv
                0x00010474                alt_envp
 *(.sbss2 .sbss2.* .gnu.linkonce.sb2.*)
 *(.scommon)
                0x00010478                PROVIDE (__sbss_end, ABSOLUTE (.))
                0x00010478                PROVIDE (___sbss_end, ABSOLUTE (.))
 *(.dynbss)
 *(.bss .bss.* .gnu.linkonce.b.*)
 .bss           0x00010478        0x0 ../teste1_bsp//obj/HAL/src/crt0.o
 .bss           0x00010478        0x0 obj/default/hello_world_small.o
 .bss           0x00010478        0x0 ../teste1_bsp/\libhal_bsp.a(alt_load.o)
 .bss           0x00010478        0x0 ../teste1_bsp/\libhal_bsp.a(alt_main.o)
 .bss           0x00010478        0x0 ../teste1_bsp/\libhal_bsp.a(alt_putstr.o)
 .bss           0x00010478        0x0 ../teste1_bsp/\libhal_bsp.a(alt_usleep.o)
 .bss           0x00010478        0x0 ../teste1_bsp/\libhal_bsp.a(alt_sys_init.o)
 .bss           0x00010478        0x0 ../teste1_bsp/\libhal_bsp.a(altera_avalon_jtag_uart_write.o)
 .bss           0x00010478        0x0 ../teste1_bsp/\libhal_bsp.a(alt_busy_sleep.o)
 .bss           0x00010478        0x0 ../teste1_bsp/\libhal_bsp.a(alt_dcache_flush_all.o)
 .bss           0x00010478        0x0 ../teste1_bsp/\libhal_bsp.a(alt_icache_flush_all.o)
 .bss           0x00010478        0x0 ../teste1_bsp/\libhal_bsp.a(altera_nios2_qsys_irq.o)
 .bss           0x00010478        0x0 d:/altera/13.0sp1/nios2eds/bin/gnu/h-i686-mingw32/bin/../lib/gcc/nios2-elf/4.1.2/../../../../nios2-elf/lib/mno-hw-mul\libsmallc.a(lib_a-strlen.o)
 .bss           0x00010478        0x0 d:/altera/13.0sp1/nios2eds/bin/gnu/h-i686-mingw32/bin/../lib/gcc/nios2-elf/4.1.2/mno-hw-mul\libgcc.a(lib2-divmod.o)
 .bss           0x00010478        0x0 d:/altera/13.0sp1/nios2eds/bin/gnu/h-i686-mingw32/bin/../lib/gcc/nios2-elf/4.1.2/mno-hw-mul\libgcc.a(lib2-mul.o)
 *(COMMON)
                0x00010478                . = ALIGN (0x4)
                0x00010478                __bss_end = ABSOLUTE (.)

.onchip_memory2_rc
                0x00010478        0x0
                0x00010478                PROVIDE (_alt_partition_onchip_memory2_rc_start, ABSOLUTE (.))
 *(.onchip_memory2_rc. onchip_memory2_rc.*)
                0x00010478                . = ALIGN (0x4)
                0x00010478                PROVIDE (_alt_partition_onchip_memory2_rc_end, ABSOLUTE (.))
                0x00010478                _end = ABSOLUTE (.)
                0x00010478                end = ABSOLUTE (.)
                0x00010478                __alt_stack_base = ABSOLUTE (.)
                0x00010478                PROVIDE (_alt_partition_onchip_memory2_rc_load_addr, LOADADDR (.onchip_memory2_rc))

.stab
 *(.stab)

.stabstr
 *(.stabstr)

.stab.excl
 *(.stab.excl)

.stab.exclstr
 *(.stab.exclstr)

.stab.index
 *(.stab.index)

.stab.indexstr
 *(.stab.indexstr)

.comment        0x00000000       0x26
 *(.comment)
 .comment       0x00000000       0x26 obj/default/hello_world_small.o
                                 0x27 (size before relaxing)
 .comment       0x00000000       0x27 ../teste1_bsp/\libhal_bsp.a(alt_load.o)
 .comment       0x00000000       0x27 ../teste1_bsp/\libhal_bsp.a(alt_main.o)
 .comment       0x00000000       0x27 ../teste1_bsp/\libhal_bsp.a(alt_putstr.o)
 .comment       0x00000000       0x27 ../teste1_bsp/\libhal_bsp.a(alt_usleep.o)
 .comment       0x00000000       0x27 ../teste1_bsp/\libhal_bsp.a(alt_sys_init.o)
 .comment       0x00000000       0x27 ../teste1_bsp/\libhal_bsp.a(altera_avalon_jtag_uart_write.o)
 .comment       0x00000000       0x27 ../teste1_bsp/\libhal_bsp.a(alt_busy_sleep.o)
 .comment       0x00000000       0x27 ../teste1_bsp/\libhal_bsp.a(alt_dcache_flush_all.o)
 .comment       0x00000000       0x27 ../teste1_bsp/\libhal_bsp.a(alt_icache_flush_all.o)
 .comment       0x00000000       0x27 ../teste1_bsp/\libhal_bsp.a(altera_nios2_qsys_irq.o)
 .comment       0x00000000       0x27 d:/altera/13.0sp1/nios2eds/bin/gnu/h-i686-mingw32/bin/../lib/gcc/nios2-elf/4.1.2/../../../../nios2-elf/lib/mno-hw-mul\libsmallc.a(lib_a-strlen.o)
 .comment       0x00000000       0x27 d:/altera/13.0sp1/nios2eds/bin/gnu/h-i686-mingw32/bin/../lib/gcc/nios2-elf/4.1.2/mno-hw-mul\libgcc.a(lib2-divmod.o)
 .comment       0x00000000       0x27 d:/altera/13.0sp1/nios2eds/bin/gnu/h-i686-mingw32/bin/../lib/gcc/nios2-elf/4.1.2/mno-hw-mul\libgcc.a(lib2-mul.o)

.debug
 *(.debug)

.line
 *(.line)

.debug_srcinfo
 *(.debug_srcinfo)

.debug_sfnames
 *(.debug_sfnames)

.debug_aranges  0x00000000      0x1e8
 *(.debug_aranges)
 .debug_aranges
                0x00000000       0x28 ../teste1_bsp//obj/HAL/src/crt0.o
 .debug_aranges
                0x00000028       0x20 obj/default/hello_world_small.o
 .debug_aranges
                0x00000048       0x20 ../teste1_bsp/\libhal_bsp.a(alt_load.o)
 .debug_aranges
                0x00000068       0x20 ../teste1_bsp/\libhal_bsp.a(alt_main.o)
 .debug_aranges
                0x00000088       0x20 ../teste1_bsp/\libhal_bsp.a(alt_putstr.o)
 .debug_aranges
                0x000000a8       0x20 ../teste1_bsp/\libhal_bsp.a(alt_usleep.o)
 .debug_aranges
                0x000000c8       0x20 ../teste1_bsp/\libhal_bsp.a(alt_sys_init.o)
 .debug_aranges
                0x000000e8       0x20 ../teste1_bsp/\libhal_bsp.a(altera_avalon_jtag_uart_write.o)
 .debug_aranges
                0x00000108       0x20 ../teste1_bsp/\libhal_bsp.a(alt_busy_sleep.o)
 .debug_aranges
                0x00000128       0x20 ../teste1_bsp/\libhal_bsp.a(alt_dcache_flush_all.o)
 .debug_aranges
                0x00000148       0x20 ../teste1_bsp/\libhal_bsp.a(alt_icache_flush_all.o)
 .debug_aranges
                0x00000168       0x20 ../teste1_bsp/\libhal_bsp.a(altera_nios2_qsys_irq.o)
 .debug_aranges
                0x00000188       0x20 d:/altera/13.0sp1/nios2eds/bin/gnu/h-i686-mingw32/bin/../lib/gcc/nios2-elf/4.1.2/../../../../nios2-elf/lib/mno-hw-mul\libsmallc.a(lib_a-strlen.o)
 .debug_aranges
                0x000001a8       0x20 d:/altera/13.0sp1/nios2eds/bin/gnu/h-i686-mingw32/bin/../lib/gcc/nios2-elf/4.1.2/mno-hw-mul\libgcc.a(lib2-divmod.o)
 .debug_aranges
                0x000001c8       0x20 d:/altera/13.0sp1/nios2eds/bin/gnu/h-i686-mingw32/bin/../lib/gcc/nios2-elf/4.1.2/mno-hw-mul\libgcc.a(lib2-mul.o)

.debug_pubnames
                0x00000000      0x29b
 *(.debug_pubnames)
 .debug_pubnames
                0x00000000       0x4f obj/default/hello_world_small.o
 .debug_pubnames
                0x0000004f       0x1f ../teste1_bsp/\libhal_bsp.a(alt_load.o)
 .debug_pubnames
                0x0000006e       0x46 ../teste1_bsp/\libhal_bsp.a(alt_main.o)
 .debug_pubnames
                0x000000b4       0x21 ../teste1_bsp/\libhal_bsp.a(alt_putstr.o)
 .debug_pubnames
                0x000000d5       0x1d ../teste1_bsp/\libhal_bsp.a(alt_usleep.o)
 .debug_pubnames
                0x000000f2       0x45 ../teste1_bsp/\libhal_bsp.a(alt_sys_init.o)
 .debug_pubnames
                0x00000137       0x34 ../teste1_bsp/\libhal_bsp.a(altera_avalon_jtag_uart_write.o)
 .debug_pubnames
                0x0000016b       0x25 ../teste1_bsp/\libhal_bsp.a(alt_busy_sleep.o)
 .debug_pubnames
                0x00000190       0x2b ../teste1_bsp/\libhal_bsp.a(alt_dcache_flush_all.o)
 .debug_pubnames
                0x000001bb       0x2b ../teste1_bsp/\libhal_bsp.a(alt_icache_flush_all.o)
 .debug_pubnames
                0x000001e6       0x31 ../teste1_bsp/\libhal_bsp.a(altera_nios2_qsys_irq.o)
 .debug_pubnames
                0x00000217       0x1d d:/altera/13.0sp1/nios2eds/bin/gnu/h-i686-mingw32/bin/../lib/gcc/nios2-elf/4.1.2/../../../../nios2-elf/lib/mno-hw-mul\libsmallc.a(lib_a-strlen.o)
 .debug_pubnames
                0x00000234       0x48 d:/altera/13.0sp1/nios2eds/bin/gnu/h-i686-mingw32/bin/../lib/gcc/nios2-elf/4.1.2/mno-hw-mul\libgcc.a(lib2-divmod.o)
 .debug_pubnames
                0x0000027c       0x1f d:/altera/13.0sp1/nios2eds/bin/gnu/h-i686-mingw32/bin/../lib/gcc/nios2-elf/4.1.2/mno-hw-mul\libgcc.a(lib2-mul.o)

.debug_info     0x00000000      0xeb6
 *(.debug_info .gnu.linkonce.wi.*)
 .debug_info    0x00000000       0x95 ../teste1_bsp//obj/HAL/src/crt0.o
 .debug_info    0x00000095      0x10a obj/default/hello_world_small.o
 .debug_info    0x0000019f      0x12e ../teste1_bsp/\libhal_bsp.a(alt_load.o)
 .debug_info    0x000002cd      0x125 ../teste1_bsp/\libhal_bsp.a(alt_main.o)
 .debug_info    0x000003f2       0xc5 ../teste1_bsp/\libhal_bsp.a(alt_putstr.o)
 .debug_info    0x000004b7       0xab ../teste1_bsp/\libhal_bsp.a(alt_usleep.o)
 .debug_info    0x00000562      0x17d ../teste1_bsp/\libhal_bsp.a(alt_sys_init.o)
 .debug_info    0x000006df      0x18f ../teste1_bsp/\libhal_bsp.a(altera_avalon_jtag_uart_write.o)
 .debug_info    0x0000086e       0xd0 ../teste1_bsp/\libhal_bsp.a(alt_busy_sleep.o)
 .debug_info    0x0000093e       0x8d ../teste1_bsp/\libhal_bsp.a(alt_dcache_flush_all.o)
 .debug_info    0x000009cb       0x8d ../teste1_bsp/\libhal_bsp.a(alt_icache_flush_all.o)
 .debug_info    0x00000a58       0x8d ../teste1_bsp/\libhal_bsp.a(altera_nios2_qsys_irq.o)
 .debug_info    0x00000ae5       0xc2 d:/altera/13.0sp1/nios2eds/bin/gnu/h-i686-mingw32/bin/../lib/gcc/nios2-elf/4.1.2/../../../../nios2-elf/lib/mno-hw-mul\libsmallc.a(lib_a-strlen.o)
 .debug_info    0x00000ba7      0x21c d:/altera/13.0sp1/nios2eds/bin/gnu/h-i686-mingw32/bin/../lib/gcc/nios2-elf/4.1.2/mno-hw-mul\libgcc.a(lib2-divmod.o)
 .debug_info    0x00000dc3       0xf3 d:/altera/13.0sp1/nios2eds/bin/gnu/h-i686-mingw32/bin/../lib/gcc/nios2-elf/4.1.2/mno-hw-mul\libgcc.a(lib2-mul.o)

.debug_abbrev   0x00000000      0x789
 *(.debug_abbrev)
 .debug_abbrev  0x00000000       0x12 ../teste1_bsp//obj/HAL/src/crt0.o
 .debug_abbrev  0x00000012       0x83 obj/default/hello_world_small.o
 .debug_abbrev  0x00000095       0x97 ../teste1_bsp/\libhal_bsp.a(alt_load.o)
 .debug_abbrev  0x0000012c       0xa6 ../teste1_bsp/\libhal_bsp.a(alt_main.o)
 .debug_abbrev  0x000001d2       0x7c ../teste1_bsp/\libhal_bsp.a(alt_putstr.o)
 .debug_abbrev  0x0000024e       0x5d ../teste1_bsp/\libhal_bsp.a(alt_usleep.o)
 .debug_abbrev  0x000002ab       0xe3 ../teste1_bsp/\libhal_bsp.a(alt_sys_init.o)
 .debug_abbrev  0x0000038e       0xf0 ../teste1_bsp/\libhal_bsp.a(altera_avalon_jtag_uart_write.o)
 .debug_abbrev  0x0000047e       0x79 ../teste1_bsp/\libhal_bsp.a(alt_busy_sleep.o)
 .debug_abbrev  0x000004f7       0x3f ../teste1_bsp/\libhal_bsp.a(alt_dcache_flush_all.o)
 .debug_abbrev  0x00000536       0x3f ../teste1_bsp/\libhal_bsp.a(alt_icache_flush_all.o)
 .debug_abbrev  0x00000575       0x3f ../teste1_bsp/\libhal_bsp.a(altera_nios2_qsys_irq.o)
 .debug_abbrev  0x000005b4       0x7a d:/altera/13.0sp1/nios2eds/bin/gnu/h-i686-mingw32/bin/../lib/gcc/nios2-elf/4.1.2/../../../../nios2-elf/lib/mno-hw-mul\libsmallc.a(lib_a-strlen.o)
 .debug_abbrev  0x0000062e       0xe0 d:/altera/13.0sp1/nios2eds/bin/gnu/h-i686-mingw32/bin/../lib/gcc/nios2-elf/4.1.2/mno-hw-mul\libgcc.a(lib2-divmod.o)
 .debug_abbrev  0x0000070e       0x7b d:/altera/13.0sp1/nios2eds/bin/gnu/h-i686-mingw32/bin/../lib/gcc/nios2-elf/4.1.2/mno-hw-mul\libgcc.a(lib2-mul.o)

.debug_line     0x00000000     0x1e8e
 *(.debug_line)
 .debug_line    0x00000000       0x66 ../teste1_bsp//obj/HAL/src/crt0.o
 .debug_line    0x00000066      0x2ab obj/default/hello_world_small.o
 .debug_line    0x00000311      0x217 ../teste1_bsp/\libhal_bsp.a(alt_load.o)
 .debug_line    0x00000528      0x2c2 ../teste1_bsp/\libhal_bsp.a(alt_main.o)
 .debug_line    0x000007ea      0x1d9 ../teste1_bsp/\libhal_bsp.a(alt_putstr.o)
 .debug_line    0x000009c3      0x202 ../teste1_bsp/\libhal_bsp.a(alt_usleep.o)
 .debug_line    0x00000bc5      0x286 ../teste1_bsp/\libhal_bsp.a(alt_sys_init.o)
 .debug_line    0x00000e4b      0x2f4 ../teste1_bsp/\libhal_bsp.a(altera_avalon_jtag_uart_write.o)
 .debug_line    0x0000113f      0x25e ../teste1_bsp/\libhal_bsp.a(alt_busy_sleep.o)
 .debug_line    0x0000139d      0x1b5 ../teste1_bsp/\libhal_bsp.a(alt_dcache_flush_all.o)
 .debug_line    0x00001552      0x1b5 ../teste1_bsp/\libhal_bsp.a(alt_icache_flush_all.o)
 .debug_line    0x00001707      0x1ce ../teste1_bsp/\libhal_bsp.a(altera_nios2_qsys_irq.o)
 .debug_line    0x000018d5      0x250 d:/altera/13.0sp1/nios2eds/bin/gnu/h-i686-mingw32/bin/../lib/gcc/nios2-elf/4.1.2/../../../../nios2-elf/lib/mno-hw-mul\libsmallc.a(lib_a-strlen.o)
 .debug_line    0x00001b25      0x24f d:/altera/13.0sp1/nios2eds/bin/gnu/h-i686-mingw32/bin/../lib/gcc/nios2-elf/4.1.2/mno-hw-mul\libgcc.a(lib2-divmod.o)
 .debug_line    0x00001d74      0x11a d:/altera/13.0sp1/nios2eds/bin/gnu/h-i686-mingw32/bin/../lib/gcc/nios2-elf/4.1.2/mno-hw-mul\libgcc.a(lib2-mul.o)

.debug_frame    0x00000000      0x280
 *(.debug_frame)
 .debug_frame   0x00000000       0x48 obj/default/hello_world_small.o
 .debug_frame   0x00000048       0x38 ../teste1_bsp/\libhal_bsp.a(alt_load.o)
 .debug_frame   0x00000080       0x28 ../teste1_bsp/\libhal_bsp.a(alt_main.o)
 .debug_frame   0x000000a8       0x28 ../teste1_bsp/\libhal_bsp.a(alt_putstr.o)
 .debug_frame   0x000000d0       0x20 ../teste1_bsp/\libhal_bsp.a(alt_usleep.o)
 .debug_frame   0x000000f0       0x38 ../teste1_bsp/\libhal_bsp.a(alt_sys_init.o)
 .debug_frame   0x00000128       0x20 ../teste1_bsp/\libhal_bsp.a(altera_avalon_jtag_uart_write.o)
 .debug_frame   0x00000148       0x28 ../teste1_bsp/\libhal_bsp.a(alt_busy_sleep.o)
 .debug_frame   0x00000170       0x20 ../teste1_bsp/\libhal_bsp.a(alt_dcache_flush_all.o)
 .debug_frame   0x00000190       0x20 ../teste1_bsp/\libhal_bsp.a(alt_icache_flush_all.o)
 .debug_frame   0x000001b0       0x20 ../teste1_bsp/\libhal_bsp.a(altera_nios2_qsys_irq.o)
 .debug_frame   0x000001d0       0x20 d:/altera/13.0sp1/nios2eds/bin/gnu/h-i686-mingw32/bin/../lib/gcc/nios2-elf/4.1.2/../../../../nios2-elf/lib/mno-hw-mul\libsmallc.a(lib_a-strlen.o)
 .debug_frame   0x000001f0       0x70 d:/altera/13.0sp1/nios2eds/bin/gnu/h-i686-mingw32/bin/../lib/gcc/nios2-elf/4.1.2/mno-hw-mul\libgcc.a(lib2-divmod.o)
 .debug_frame   0x00000260       0x20 d:/altera/13.0sp1/nios2eds/bin/gnu/h-i686-mingw32/bin/../lib/gcc/nios2-elf/4.1.2/mno-hw-mul\libgcc.a(lib2-mul.o)

.debug_str      0x00000000      0x710
 *(.debug_str)
 .debug_str     0x00000000       0xe7 obj/default/hello_world_small.o
                                0x12a (size before relaxing)
 .debug_str     0x000000e7      0x155 ../teste1_bsp/\libhal_bsp.a(alt_load.o)
                                0x1ea (size before relaxing)
 .debug_str     0x0000023c       0x75 ../teste1_bsp/\libhal_bsp.a(alt_main.o)
                                0x16e (size before relaxing)
 .debug_str     0x000002b1       0x4d ../teste1_bsp/\libhal_bsp.a(alt_putstr.o)
                                0x146 (size before relaxing)
 .debug_str     0x000002fe       0x27 ../teste1_bsp/\libhal_bsp.a(alt_usleep.o)
                                0x120 (size before relaxing)
 .debug_str     0x00000325       0x85 ../teste1_bsp/\libhal_bsp.a(alt_sys_init.o)
                                0x1e4 (size before relaxing)
 .debug_str     0x000003aa       0x56 ../teste1_bsp/\libhal_bsp.a(altera_avalon_jtag_uart_write.o)
                                0x1e6 (size before relaxing)
 .debug_str     0x00000400       0x42 ../teste1_bsp/\libhal_bsp.a(alt_busy_sleep.o)
                                0x143 (size before relaxing)
 .debug_str     0x00000442       0x34 ../teste1_bsp/\libhal_bsp.a(alt_dcache_flush_all.o)
                                0x12d (size before relaxing)
 .debug_str     0x00000476       0x34 ../teste1_bsp/\libhal_bsp.a(alt_icache_flush_all.o)
                                0x12d (size before relaxing)
 .debug_str     0x000004aa       0x3b ../teste1_bsp/\libhal_bsp.a(altera_nios2_qsys_irq.o)
                                0x134 (size before relaxing)
 .debug_str     0x000004e5       0xe9 d:/altera/13.0sp1/nios2eds/bin/gnu/h-i686-mingw32/bin/../lib/gcc/nios2-elf/4.1.2/../../../../nios2-elf/lib/mno-hw-mul\libsmallc.a(lib_a-strlen.o)
                                0x184 (size before relaxing)
 .debug_str     0x000005ce      0x10b d:/altera/13.0sp1/nios2eds/bin/gnu/h-i686-mingw32/bin/../lib/gcc/nios2-elf/4.1.2/mno-hw-mul\libgcc.a(lib2-divmod.o)
                                0x1b4 (size before relaxing)
 .debug_str     0x000006d9       0x37 d:/altera/13.0sp1/nios2eds/bin/gnu/h-i686-mingw32/bin/../lib/gcc/nios2-elf/4.1.2/mno-hw-mul\libgcc.a(lib2-mul.o)
                                0x175 (size before relaxing)

.debug_loc      0x00000000      0x39f
 *(.debug_loc)
 .debug_loc     0x00000000       0x1f obj/default/hello_world_small.o
 .debug_loc     0x0000001f       0x1f ../teste1_bsp/\libhal_bsp.a(alt_load.o)
 .debug_loc     0x0000003e       0x1f ../teste1_bsp/\libhal_bsp.a(alt_main.o)
 .debug_loc     0x0000005d       0x48 ../teste1_bsp/\libhal_bsp.a(alt_putstr.o)
 .debug_loc     0x000000a5       0x13 ../teste1_bsp/\libhal_bsp.a(alt_usleep.o)
 .debug_loc     0x000000b8       0x32 ../teste1_bsp/\libhal_bsp.a(alt_sys_init.o)
 .debug_loc     0x000000ea       0x26 ../teste1_bsp/\libhal_bsp.a(altera_avalon_jtag_uart_write.o)
 .debug_loc     0x00000110       0x50 ../teste1_bsp/\libhal_bsp.a(alt_busy_sleep.o)
 .debug_loc     0x00000160       0x1e d:/altera/13.0sp1/nios2eds/bin/gnu/h-i686-mingw32/bin/../lib/gcc/nios2-elf/4.1.2/../../../../nios2-elf/lib/mno-hw-mul\libsmallc.a(lib_a-strlen.o)
 .debug_loc     0x0000017e      0x1d2 d:/altera/13.0sp1/nios2eds/bin/gnu/h-i686-mingw32/bin/../lib/gcc/nios2-elf/4.1.2/mno-hw-mul\libgcc.a(lib2-divmod.o)
 .debug_loc     0x00000350       0x4f d:/altera/13.0sp1/nios2eds/bin/gnu/h-i686-mingw32/bin/../lib/gcc/nios2-elf/4.1.2/mno-hw-mul\libgcc.a(lib2-mul.o)

.debug_macinfo
 *(.debug_macinfo)

.debug_weaknames
 *(.debug_weaknames)

.debug_funcnames
 *(.debug_funcnames)

.debug_typenames
 *(.debug_typenames)

.debug_varnames
 *(.debug_varnames)

.debug_alt_sim_info
                0x00000000       0x40
 *(.debug_alt_sim_info)
 .debug_alt_sim_info
                0x00000000       0x10 ../teste1_bsp//obj/HAL/src/crt0.o
 .debug_alt_sim_info
                0x00000010       0x30 ../teste1_bsp/\libhal_bsp.a(alt_busy_sleep.o)
                0x0001a000                __alt_data_end = 0x1a000
                0x0001a000                PROVIDE (__alt_stack_pointer, __alt_data_end)
                0x00010478                PROVIDE (__alt_stack_limit, __alt_stack_base)
                0x00010478                PROVIDE (__alt_heap_start, end)
                0x0001a000                PROVIDE (__alt_heap_limit, 0x1a000)
OUTPUT(teste1.elf elf32-littlenios2)

.debug_ranges   0x00000000       0x20
 .debug_ranges  0x00000000       0x20 ../teste1_bsp//obj/HAL/src/crt0.o
